// Jest Snapshot v1, https://goo.gl/fbAQLP

exports[`rendering of Session Recordings 1`] = `
.c3 {
  box-sizing: border-box;
  margin-left: auto;
  width: 210px;
}

.c24 {
  line-height: 1.5;
  margin: 0;
  display: inline-flex;
  justify-content: center;
  align-items: center;
  box-sizing: border-box;
  border: none;
  border-radius: 4px;
  cursor: pointer;
  font-family: inherit;
  font-weight: 600;
  outline: none;
  position: relative;
  text-align: center;
  text-decoration: none;
  text-transform: uppercase;
  transition: all 0.3s;
  -webkit-font-smoothing: antialiased;
  color: #000000;
  background: #9F85FF;
  font-size: 10px;
  min-height: 24px;
  padding: 0px 16px;
  width: 80px;
}

.c24:hover,
.c24:focus {
  background: #B29DFF;
}

.c24:active {
  background: #C5B6FF;
}

.c24:disabled {
  background: rgba(255,255,255,0.12);
  color: rgba(255,255,255,0.3);
  cursor: auto;
}

.c19 {
  display: inline-block;
  transition: color 0.3s;
  color: #FFFFFF;
  font-size: 16px;
}

.c22 {
  display: inline-block;
  transition: color 0.3s;
  color: #FFFFFF;
}

.c23 {
  display: inline-block;
  transition: color 0.3s;
  color: #FFFFFF;
  margin-right: 16px;
  padding: 4px;
  font-size: 16px;
}

.c16 {
  align-items: center;
  border: none;
  cursor: pointer;
  display: flex;
  outline: none;
  border-radius: 50%;
  overflow: visible;
  justify-content: center;
  text-align: center;
  flex: 0 0 auto;
  background: transparent;
  color: inherit;
  transition: all 0.3s;
  -webkit-font-smoothing: antialiased;
  font-size: 16px;
  height: 32px;
  width: 32px;
  margin-left: 0px;
  margin-right: 0px;
}

.c16 .c18 {
  color: inherit;
}

.c16:disabled {
  color: rgba(255,255,255,0.36);
}

.c16:disabled {
  color: rgba(255,255,255,0.36);
  cursor: default;
}

.c16:hover:enabled,
.c16:focus:enabled {
  background: rgba(255,255,255,0.13);
}

.c16:active:enabled {
  background: rgba(255,255,255,0.18);
}

.c20 {
  align-items: center;
  border: none;
  cursor: pointer;
  display: flex;
  outline: none;
  border-radius: 50%;
  overflow: visible;
  justify-content: center;
  text-align: center;
  flex: 0 0 auto;
  background: transparent;
  color: inherit;
  transition: all 0.3s;
  -webkit-font-smoothing: antialiased;
  font-size: 16px;
  height: 32px;
  width: 32px;
  margin-left: 0px;
}

.c20 .c18 {
  color: inherit;
}

.c20:disabled {
  color: rgba(255,255,255,0.36);
}

.c20:disabled {
  color: rgba(255,255,255,0.36);
  cursor: default;
}

.c20:hover:enabled,
.c20:focus:enabled {
  background: rgba(255,255,255,0.13);
}

.c20:active:enabled {
  background: rgba(255,255,255,0.18);
}

.c14 {
  overflow: hidden;
  text-overflow: ellipsis;
  font-weight: 400;
  font-size: 12px;
  line-height: 16px;
  margin: 0px;
  margin-right: 4px;
  color: #FFFFFF;
}

.c12 {
  box-sizing: border-box;
  width: 100%;
  display: flex;
  justify-content: flex-end;
}

.c13 {
  box-sizing: border-box;
  margin-right: 8px;
  display: flex;
  align-items: center;
}

.c15 {
  box-sizing: border-box;
  display: flex;
}

.c4 .react-select-container {
  box-sizing: border-box;
  display: block;
  font-size: 14px;
  outline: none;
  width: 100%;
  color: #FFFFFF;
  background-color: transparent;
  margin-bottom: 0px;
  border-radius: 4px;
}

.c4 .react-select__control {
  outline: none;
  min-height: 40px;
  height: fit-content;
  border: 1px solid rgba(255,255,255,0.54);
  border-radius: 4px;
  background-color: transparent;
  box-shadow: none;
}

.c4 .react-select__control .react-select__dropdown-indicator {
  color: rgba(255,255,255,0.54);
}

.c4 .react-select__control:hover,
.c4 .react-select__control:focus,
.c4 .react-select__control:active {
  border: 1px solid rgba(255,255,255,0.72);
  background-color: rgba(255,255,255,0.07);
  cursor: pointer;
}

.c4 .react-select__control:hover .react-select__dropdown-indicator,
.c4 .react-select__control:focus .react-select__dropdown-indicator,
.c4 .react-select__control:active .react-select__dropdown-indicator {
  color: #FFFFFF;
}

.c4 .react-select__control .react-select__indicator:hover,
.c4 .react-select__control .react-select__dropdown-indicator:hover,
.c4 .react-select__control .react-select__indicator:focus,
.c4 .react-select__control .react-select__dropdown-indicator:focus,
.c4 .react-select__control .react-select__indicator:active,
.c4 .react-select__control .react-select__dropdown-indicator:active {
  color: #FFFFFF;
}

.c4 .react-select__control--is-focused {
  border-color: rgba(255,255,255,0.72);
  background-color: rgba(255,255,255,0.07);
  cursor: pointer;
}

.c4 .react-select__control--is-focused .react-select__dropdown-indicator {
  color: #FFFFFF;
}

.c4 .react-select__single-value {
  color: #FFFFFF;
}

.c4 .react-select__placeholder {
  color: rgba(255,255,255,0.54);
}

.c4 .react-select__multi-value {
  background-color: rgba(255,255,255,0.13);
}

.c4 .react-select__multi-value .react-select__multi-value__label {
  color: #FFFFFF;
  padding: 0 6px;
}

.c4 .react-select__multi-value .react-select__multi-value__remove {
  color: #FFFFFF;
}

.c4 .react-select__multi-value .react-select__multi-value__remove:hover {
  background-color: rgba(255,255,255,0.07);
  color: #FF6257;
}

.c4 .react-select__option:hover {
  cursor: pointer;
  background-color: rgba(255,255,255,0.07);
}

.c4 .react-select__option--is-focused {
  background-color: rgba(255,255,255,0.07);
}

.c4 .react-select__option--is-focused:hover {
  cursor: pointer;
  background-color: rgba(255,255,255,0.07);
}

.c4 .react-select__option--is-selected {
  background-color: rgba(255,255,255,0.13);
  color: inherit;
  font-weight: 500;
}

.c4 .react-select__option--is-selected:hover {
  background-color: rgba(255,255,255,0.13);
}

.c4 .react-select__clear-indicator {
  color: rgba(255,255,255,0.72);
}

.c4 .react-select__clear-indicator:hover,
.c4 .react-select__clear-indicator:focus {
  background-color: rgba(255,255,255,0.07);
}

.c4 .react-select__clear-indicator:hover svg,
.c4 .react-select__clear-indicator:focus svg {
  color: #FF6257;
}

.c4 .react-select__menu {
  margin-top: 0px;
  background-color: #344179;
  box-shadow: 0px 5px 5px -3px rgba(0,0,0,0.2),0px 8px 10px 1px rgba(0,0,0,0.14),0px 3px 14px 2px rgba(0,0,0,0.12);
}

.c4 .react-select__menu .react-select__menu-list::-webkit-scrollbar-thumb {
  background: rgba(255,255,255,0.13);
  border-radius: 4px;
}

.c4 .react-select__indicator-separator {
  display: none;
}

.c4 .react-select__loading-indicator {
  display: none;
}

.c4 .react-select--is-disabled,
.c4 .react-select__control--is-disabled {
  color: rgba(255,255,255,0.36);
  border: 1px solid rgba(255,255,255,0.36);
}

.c4 .react-select--is-disabled .react-select__single-value,
.c4 .react-select__control--is-disabled .react-select__single-value,
.c4 .react-select--is-disabled .react-select__placeholder,
.c4 .react-select__control--is-disabled .react-select__placeholder {
  color: rgba(255,255,255,0.36);
}

.c4 .react-select--is-disabled .react-select__indicator,
.c4 .react-select__control--is-disabled .react-select__indicator {
  color: rgba(255,255,255,0.36);
}

.c1 {
  box-sizing: border-box;
  margin-bottom: 24px;
  display: flex;
  align-items: center;
  flex-shrink: 0;
  border-bottom: 1px solid rgba(255,255,255,0.07);
  height: 56px;
  margin-left: -40px;
  margin-right: -40px;
  padding-left: 40px;
  padding-right: 40px;
}

.c2 {
  overflow: hidden;
  text-overflow: ellipsis;
  font-weight: 300;
  font-size: 22px;
  line-height: 32px;
  margin: 0px;
  margin-right: 56px;
  white-space: nowrap;
}

.c0 {
  box-sizing: border-box;
  padding-left: 40px;
  padding-right: 40px;
  display: flex;
  width: 100%;
  height: 100%;
  flex-direction: column;
}

.c0::after {
  content: ' ';
  padding-bottom: 24px;
}

.c21 {
  background: #222C59;
  border-collapse: collapse;
  border-spacing: 0;
  border-style: hidden;
  font-size: 12px;
  width: 100%;
  border-top-left-radius: 0px;
  border-top-right-radius: 0px;
  border-bottom-right-radius: 8px;
  border-bottom-left-radius: 8px;
}

.c21 > thead > tr > th,
.c21 > tbody > tr > th,
.c21 > tfoot > tr > th,
.c21 > thead > tr > td,
.c21 > tbody > tr > td,
.c21 > tfoot > tr > td {
  padding: 8px 8px;
  vertical-align: middle;
}

.c21 > thead > tr > th:first-child,
.c21 > tbody > tr > th:first-child,
.c21 > tfoot > tr > th:first-child,
.c21 > thead > tr > td:first-child,
.c21 > tbody > tr > td:first-child,
.c21 > tfoot > tr > td:first-child {
  padding-left: 24px;
}

.c21 > thead > tr > th:last-child,
.c21 > tbody > tr > th:last-child,
.c21 > tfoot > tr > th:last-child,
.c21 > thead > tr > td:last-child,
.c21 > tbody > tr > td:last-child,
.c21 > tfoot > tr > td:last-child {
  padding-right: 24px;
}

.c21 > tbody > tr > td {
  vertical-align: middle;
}

.c21 > thead > tr > th {
  background: rgba(255,255,255,0.07);
  color: #FFFFFF;
  cursor: pointer;
  font-size: 10px;
  font-weight: 400;
  padding-bottom: 0;
  padding-top: 0;
  text-align: left;
  opacity: 0.75;
  text-transform: uppercase;
  white-space: nowrap;
}

.c21 > thead > tr > th .c18 {
  font-weight: bold;
  font-size: 8px;
  margin-left: 8px;
}

.c21 > tbody > tr > td {
  color: #FFFFFF;
  line-height: 16px;
}

.c21 tbody tr {
  border-bottom: 1px solid rgb(49,58,100);
}

.c21 tbody tr:hover {
  background-color: rgba(255,255,255,0.07);
}

.c6 {
  padding: 16px 24px;
  display: flex;
  height: 24px;
  flex-shrink: 0;
  align-items: center;
  justify-content: space-between;
  background: #222C59;
}

.c5 {
  box-shadow: 0px 2px 1px -1px rgba(0,0,0,0.2),0px 1px 1px rgba(0,0,0,0.14),0px 1px 3px rgba(0,0,0,0.12);
  overflow: hidden;
  border-radius: 8px;
}

.c17 .c18 {
  font-size: 20px;
}

.c17 .c18:before {
  padding-left: 1px;
}

.c11 {
  position: relative;
  height: 100%;
  right: 0;
  display: flex;
  align-items: center;
  justify-content: center;
  background: rgba(255,255,255,0.07);
  border-radius: 200px;
}

.c10 {
  position: absolute;
  height: 100%;
  right: 0;
  display: flex;
  align-items: center;
  justify-content: center;
  background: #222C59;
  border-radius: 200px;
}

.c8 {
  position: relative;
  display: flex;
  overflow: hidden;
  width: 100%;
  border-radius: 200px;
  height: 32px;
  background: transparent;
}

.c7 {
  background: #0C143D;
  border-radius: 200px;
  width: 100%;
  height: 32px;
}

.c9 {
  border: none;
  outline: none;
  box-sizing: border-box;
  height: 100%;
  font-size: 12px;
  width: 100%;
  transition: all 0.2s;
  padding-left: 16px;
  padding-right: 16px;
  color: #FFFFFF;
  background: #0C143D;
  padding-right: 184px;
}

.c9:hover,
.c9:focus,
.c9:active {
  color: #FFFFFF;
  background: rgba(255,255,255,0.07);
}

.c9::placeholder {
  color: rgba(255,255,255,0.54);
  font-size: 12px;
}

<div>
  <div
    class="c0"
  >
    <div
      class="c1"
    >
      <div
        class="c2"
      >
        Session Recordings
      </div>
      <div
        class="c3"
        width="210px"
      >
        <div
          class="c4"
        >
          <div
            class="react-select-container css-2b097c-container"
          >
            <div
              class="react-select__control css-yk16xz-control"
            >
              <div
                class="react-select__value-container react-select__value-container--has-value css-g1d714-ValueContainer"
              >
                <div
                  class="react-select__single-value css-1uccc91-singleValue"
                >
                  Today
                </div>
                <input
                  aria-autocomplete="list"
                  class="css-62g3xt-dummyInput"
                  id="react-select-2-input"
                  readonly=""
                  tabindex="0"
                  value=""
                />
              </div>
              <div
                class="react-select__indicators css-1hb7zxy-IndicatorsContainer"
              >
                <span
                  class="react-select__indicator-separator css-1okebmr-indicatorSeparator"
                />
                <div
                  aria-hidden="true"
                  class="react-select__indicator react-select__dropdown-indicator css-tlfecz-indicatorContainer"
                >
                  <svg
                    aria-hidden="true"
                    class="css-6q0nyr-Svg"
                    focusable="false"
                    height="20"
                    viewBox="0 0 20 20"
                    width="20"
                  >
                    <path
                      d="M4.516 7.548c0.436-0.446 1.043-0.481 1.576 0l3.908 3.747 3.908-3.747c0.533-0.481 1.141-0.446 1.574 0 0.436 0.445 0.408 1.197 0 1.615-0.406 0.418-4.695 4.502-4.695 4.502-0.217 0.223-0.502 0.335-0.787 0.335s-0.57-0.112-0.789-0.335c0 0-4.287-4.084-4.695-4.502s-0.436-1.17 0-1.615z"
                    />
                  </svg>
                </div>
              </div>
            </div>
          </div>
        </div>
      </div>
    </div>
    <div
      class="c5"
    >
      <nav
        class="c6"
      >
        <div
          class="c7"
        >
          <div
            class="c8"
          >
            <input
              class="c9"
              placeholder="SEARCH..."
              value=""
            />
            <div
              class="c10"
            >
              <div
                class="c11"
              />
            </div>
          </div>
        </div>
        <div
          class="c12"
          width="100%"
        >
          <div
            class="c13"
          >
            <div
              class="c14"
              color="text.main"
              style="white-space: nowrap; text-transform: uppercase;"
            >
              Showing 
              <strong>
                1
              </strong>
               - 
              <strong>
                7
              </strong>
               of
               
              <strong>
                7
              </strong>
            </div>
          </div>
          <div
            class="c15"
          >
            <button
              class="c16 c17"
              disabled=""
              title="Previous page"
            >
              <span
                class="c18 c19 icon icon-arrow-left-circle "
                font-size="3"
              />
            </button>
            <button
              class="c20 c17"
              disabled=""
              title="Next page"
            >
              <span
                class="c18 c19 icon icon-arrow-right-circle "
                font-size="3"
              />
            </button>
          </div>
        </div>
      </nav>
      <table
        class="c21"
      >
        <thead>
          <tr>
            <th>
              <a>
                Type
                <span
                  class="c18 c22 icon icon-chevrons-expand-vertical "
                  title="sort items"
                />
              </a>
            </th>
            <th>
              <a>
                Name
                <span
                  class="c18 c22 icon icon-chevrons-expand-vertical "
                  title="sort items"
                />
              </a>
            </th>
            <th>
              <a>
                User(s)
                <span
                  class="c18 c22 icon icon-chevrons-expand-vertical "
                  title="sort items"
                />
              </a>
            </th>
            <th>
              <a>
                Duration
                <span
                  class="c18 c22 icon icon-chevrons-expand-vertical "
                  title="sort items"
                />
              </a>
            </th>
            <th>
              <a>
                Created (UTC)
                <span
                  class="c18 c22 icon icon-chevron-down "
                  title="sort items desc"
                />
              </a>
            </th>
            <th
              style="cursor: default;"
            >
              Session ID
            </th>
            <th
              style="cursor: default;"
            />
          </tr>
        </thead>
        <tbody>
          <tr>
            <td>
              <span
                class="c18 c23 icon icon-kubernetes c18 c23"
                font-size="3"
              />
            </td>
            <td>
              minikube/default/hello-node-6b89d599b9-lsfjm
            </td>
            <td
              style="word-break: break-word;"
            >
              lisa2
            </td>
            <td>
              9 seconds
            </td>
            <td>
              2022-07-11T14:39:33.373Z
            </td>
            <td>
              8efccedd-9633-473f-bfb3-fcc07e2af345
            </td>
            <td
              align="right"
            >
              <a
                class="c24"
                href="/web/cluster/localhost/session/8efccedd-9633-473f-bfb3-fcc07e2af345?recordingType=k8s"
                kind="primary"
                target="_blank"
                width="80px"
              >
                Play
              </a>
            </td>
          </tr>
          <tr>
            <td>
              <span
                class="c18 c23 icon icon-desktop c18 c23"
                font-size="3"
              />
            </td>
            <td>
              WIN-JR2L4P7KN15-teleport-dev
            </td>
            <td
              style="word-break: break-word;"
            >
              joe
            </td>
            <td>
              2 seconds
            </td>
            <td>
              2022-01-19T15:49:50.182Z
            </td>
            <td>
              fe41659b-a611-4b08-974b-69564f766403
            </td>
            <td
              align="right"
              style="color: rgb(159, 159, 159);"
            >
              recording disabled
            </td>
          </tr>
          <tr>
            <td>
              <span
                class="c18 c23 icon icon-desktop c18 c23"
                font-size="3"
              />
            </td>
            <td>
              WIN-JR2L4P7KN15-teleport-dev
            </td>
            <td
              style="word-break: break-word;"
            >
              joe
            </td>
            <td>
              5 seconds
            </td>
            <td>
              2022-01-19T15:19:46.992Z
            </td>
            <td>
              3b8d6d4b-1096-43e8-a18c-1ce784911a8e
            </td>
            <td
              align="right"
              style="color: rgb(159, 159, 159);"
            >
              recording disabled
            </td>
          </tr>
          <tr>
            <td>
              <span
                class="c18 c23 icon icon-terminal c18 c23"
                font-size="3"
              />
            </td>
            <td>
              im-a-nodename
            </td>
            <td
              style="word-break: break-word;"
            >
              test
            </td>
            <td>
              10 minutes
            </td>
            <td>
              2021-07-27T23:20:05.346Z
            </td>
            <td>
              d183ca84-dd94-434a-afee5c2c5f38
            </td>
            <td
              align="right"
              style="color: rgb(159, 159, 159);"
            >
              recording disabled
            </td>
          </tr>
          <tr>
            <td>
              <span
                class="c18 c23 icon icon-terminal c18 c23"
                font-size="3"
              />
            </td>
            <td>
              ip-172-31-30-254
            </td>
            <td
              style="word-break: break-word;"
            >
              foo
            </td>
            <td>
              32 seconds
            </td>
            <td>
              2021-05-21T22:54:27.123Z
            </td>
            <td>
              9d92ad96-a45c-4add-463cc7bc48b1
            </td>
            <td
              align="right"
              style="color: rgb(159, 159, 159);"
            >
              non-interactive
            </td>
          </tr>
          <tr>
            <td>
              <span
                class="c18 c23 icon icon-terminal c18 c23"
                font-size="3"
              />
            </td>
            <td>
              peach-node
            </td>
            <td
              style="word-break: break-word;"
            >
              one, two
            </td>
            <td>
              21 seconds
            </td>
            <td>
              2019-04-22T00:00:51.543Z
            </td>
            <td>
              377875-6491-11e9-80a1-427cfde50f5a
            </td>
            <td
              align="right"
              style=""
            >
              <a
                class="c24"
                href="/web/cluster/localhost/session/377875-6491-11e9-80a1-427cfde50f5a?recordingType=ssh"
                kind="primary"
                target="_blank"
                width="80px"
              >
                Play
              </a>
            </td>
          </tr>
          <tr>
            <td>
              <span
                class="c18 c23 icon icon-terminal c18 c23"
                font-size="3"
              />
            </td>
            <td>
              apple-node
            </td>
            <td
              style="word-break: break-word;"
            >
              one, two
            </td>
            <td>
              19 minutes
            </td>
            <td>
              2019-04-22T00:00:51.543Z
            </td>
            <td>
              426485-6491-11e9-80a1-427cfde50f5a
            </td>
            <td
              align="right"
              style=""
            >
              <a
                class="c24"
                href="/web/cluster/localhost/session/426485-6491-11e9-80a1-427cfde50f5a?recordingType=ssh"
                kind="primary"
                target="_blank"
                width="80px"
              >
                Play
              </a>
            </td>
          </tr>
        </tbody>
      </table>
    </div>
  </div>
</div>
`;
