// Jest Snapshot v1, https://goo.gl/fbAQLP

exports[`success state 1`] = `
.c3 {
  line-height: 1.5;
  margin: 0;
  display: inline-flex;
  justify-content: center;
  align-items: center;
  box-sizing: border-box;
  border: none;
  border-radius: 4px;
  cursor: pointer;
  font-family: inherit;
  font-weight: 600;
  outline: none;
  position: relative;
  text-align: center;
  text-decoration: none;
  text-transform: uppercase;
  transition: all 0.3s;
  -webkit-font-smoothing: antialiased;
  color: #000000;
  background: #9F85FF;
  min-height: 32px;
  font-size: 12px;
  padding: 0px 24px;
  margin-left: auto;
  width: 240px;
}

.c3:hover,
.c3:focus {
  background: #B29DFF;
}

.c3:active {
  background: #C5B6FF;
}

.c3:disabled {
  background: rgba(255,255,255,0.12);
  color: rgba(255,255,255,0.3);
  cursor: auto;
}

.c24 {
  line-height: 1.5;
  margin: 0;
  display: inline-flex;
  justify-content: center;
  align-items: center;
  box-sizing: border-box;
  border: none;
  border-radius: 4px;
  cursor: pointer;
  font-family: inherit;
  font-weight: 600;
  outline: none;
  position: relative;
  text-align: center;
  text-decoration: none;
  text-transform: uppercase;
  transition: all 0.3s;
  -webkit-font-smoothing: antialiased;
  color: #FFFFFF;
  background: rgba(255,255,255,0);
  border: 1px solid rgba(255,255,255,0.36);
  font-size: 10px;
  min-height: 24px;
  padding: 0px 16px;
  height: 24px;
}

.c24:hover,
.c24:focus {
  background: rgba(255,255,255,0.07);
}

.c24:active {
  background: rgba(255,255,255,0.13);
}

.c24:disabled {
  background: rgba(255,255,255,0.12);
  color: rgba(255,255,255,0.3);
  cursor: auto;
}

.c18 {
  display: inline-block;
  transition: color 0.3s;
  color: #FFFFFF;
  font-size: 16px;
}

.c21 {
  display: inline-block;
  transition: color 0.3s;
  color: #FFFFFF;
}

.c25 {
  display: inline-block;
  transition: color 0.3s;
  color: #FFFFFF;
  margin-left: 8px;
  margin-right: -8px;
  color: rgba(255,255,255,0.72);
  font-size: 14px;
}

.c15 {
  align-items: center;
  border: none;
  cursor: pointer;
  display: flex;
  outline: none;
  border-radius: 50%;
  overflow: visible;
  justify-content: center;
  text-align: center;
  flex: 0 0 auto;
  background: transparent;
  color: inherit;
  transition: all 0.3s;
  -webkit-font-smoothing: antialiased;
  font-size: 16px;
  height: 32px;
  width: 32px;
  margin-left: 0px;
  margin-right: 0px;
}

.c15 .c17 {
  color: inherit;
}

.c15:disabled {
  color: rgba(255,255,255,0.36);
}

.c15:disabled {
  color: rgba(255,255,255,0.36);
  cursor: default;
}

.c15:hover:enabled,
.c15:focus:enabled {
  background: rgba(255,255,255,0.13);
}

.c15:active:enabled {
  background: rgba(255,255,255,0.18);
}

.c19 {
  align-items: center;
  border: none;
  cursor: pointer;
  display: flex;
  outline: none;
  border-radius: 50%;
  overflow: visible;
  justify-content: center;
  text-align: center;
  flex: 0 0 auto;
  background: transparent;
  color: inherit;
  transition: all 0.3s;
  -webkit-font-smoothing: antialiased;
  font-size: 16px;
  height: 32px;
  width: 32px;
  margin-left: 0px;
}

.c19 .c17 {
  color: inherit;
}

.c19:disabled {
  color: rgba(255,255,255,0.36);
}

.c19:disabled {
  color: rgba(255,255,255,0.36);
  cursor: default;
}

.c19:hover:enabled,
.c19:focus:enabled {
  background: rgba(255,255,255,0.13);
}

.c19:active:enabled {
  background: rgba(255,255,255,0.18);
}

.c13 {
  overflow: hidden;
  text-overflow: ellipsis;
  font-weight: 400;
  font-size: 12px;
  line-height: 16px;
  margin: 0px;
  margin-right: 4px;
  color: #FFFFFF;
}

.c23 {
  box-sizing: border-box;
  border-radius: 10px;
  display: inline-block;
  font-size: 10px;
  font-weight: 500;
  padding: 0 8px;
  margin: 1px 0;
  vertical-align: middle;
  background-color: rgba(255,255,255,0.07);
  color: #FFFFFF;
  font-weight: 400;
  margin-right: 4px;
}

.c11 {
  box-sizing: border-box;
  width: 100%;
  display: flex;
  justify-content: flex-end;
}

.c12 {
  box-sizing: border-box;
  margin-right: 8px;
  display: flex;
  align-items: center;
}

.c14 {
  box-sizing: border-box;
  display: flex;
}

.c22 {
  box-sizing: border-box;
  display: flex;
  flex-wrap: wrap;
}

.c1 {
  box-sizing: border-box;
  margin-bottom: 24px;
  display: flex;
  align-items: center;
  flex-shrink: 0;
  border-bottom: 1px solid rgba(255,255,255,0.07);
  height: 56px;
  margin-left: -40px;
  margin-right: -40px;
  padding-left: 40px;
  padding-right: 40px;
}

.c2 {
  overflow: hidden;
  text-overflow: ellipsis;
  font-weight: 300;
  font-size: 22px;
  line-height: 32px;
  margin: 0px;
  white-space: nowrap;
}

.c0 {
  box-sizing: border-box;
  padding-left: 40px;
  padding-right: 40px;
  display: flex;
  width: 100%;
  height: 100%;
  flex-direction: column;
}

.c0::after {
  content: ' ';
  padding-bottom: 24px;
}

.c20 {
  background: #222C59;
  border-collapse: collapse;
  border-spacing: 0;
  border-style: hidden;
  font-size: 12px;
  width: 100%;
  border-top-left-radius: 0px;
  border-top-right-radius: 0px;
  border-bottom-right-radius: 8px;
  border-bottom-left-radius: 8px;
}

.c20 > thead > tr > th,
.c20 > tbody > tr > th,
.c20 > tfoot > tr > th,
.c20 > thead > tr > td,
.c20 > tbody > tr > td,
.c20 > tfoot > tr > td {
  padding: 8px 8px;
  vertical-align: middle;
}

.c20 > thead > tr > th:first-child,
.c20 > tbody > tr > th:first-child,
.c20 > tfoot > tr > th:first-child,
.c20 > thead > tr > td:first-child,
.c20 > tbody > tr > td:first-child,
.c20 > tfoot > tr > td:first-child {
  padding-left: 24px;
}

.c20 > thead > tr > th:last-child,
.c20 > tbody > tr > th:last-child,
.c20 > tfoot > tr > th:last-child,
.c20 > thead > tr > td:last-child,
.c20 > tbody > tr > td:last-child,
.c20 > tfoot > tr > td:last-child {
  padding-right: 24px;
}

.c20 > tbody > tr > td {
  vertical-align: middle;
}

.c20 > thead > tr > th {
  background: rgba(255,255,255,0.07);
  color: #FFFFFF;
  cursor: pointer;
  font-size: 10px;
  font-weight: 400;
  padding-bottom: 0;
  padding-top: 0;
  text-align: left;
  opacity: 0.75;
  text-transform: uppercase;
  white-space: nowrap;
}

.c20 > thead > tr > th .c17 {
  font-weight: bold;
  font-size: 8px;
  margin-left: 8px;
}

.c20 > tbody > tr > td {
  color: #FFFFFF;
  line-height: 16px;
}

.c20 tbody tr {
  border-bottom: 1px solid rgb(49,58,100);
}

.c20 tbody tr:hover {
  background-color: rgba(255,255,255,0.07);
}

.c5 {
  padding: 16px 24px;
  display: flex;
  height: 24px;
  flex-shrink: 0;
  align-items: center;
  justify-content: space-between;
  background: #222C59;
}

.c4 {
  box-shadow: 0px 2px 1px -1px rgba(0,0,0,0.2),0px 1px 1px rgba(0,0,0,0.14),0px 1px 3px rgba(0,0,0,0.12);
  overflow: hidden;
  border-radius: 8px;
}

.c16 .c17 {
  font-size: 20px;
}

.c16 .c17:before {
  padding-left: 1px;
}

.c10 {
  position: relative;
  height: 100%;
  right: 0;
  display: flex;
  align-items: center;
  justify-content: center;
  background: rgba(255,255,255,0.07);
  border-radius: 200px;
}

.c9 {
  position: absolute;
  height: 100%;
  right: 0;
  display: flex;
  align-items: center;
  justify-content: center;
  background: #222C59;
  border-radius: 200px;
}

.c7 {
  position: relative;
  display: flex;
  overflow: hidden;
  width: 100%;
  border-radius: 200px;
  height: 32px;
  background: transparent;
}

.c6 {
  background: #0C143D;
  border-radius: 200px;
  width: 100%;
  height: 32px;
}

.c8 {
  border: none;
  outline: none;
  box-sizing: border-box;
  height: 100%;
  font-size: 12px;
  width: 100%;
  transition: all 0.2s;
  padding-left: 16px;
  padding-right: 16px;
  color: #FFFFFF;
  background: #0C143D;
  padding-right: 184px;
}

.c8:hover,
.c8:focus,
.c8:active {
  color: #FFFFFF;
  background: rgba(255,255,255,0.07);
}

.c8::placeholder {
  color: rgba(255,255,255,0.54);
  font-size: 12px;
}

<div>
  <div
    class="c0"
  >
    <div
      class="c1"
    >
      <div
        class="c2"
      >
        Users
      </div>
      <button
        class="c3"
        kind="primary"
        width="240px"
      >
        Create New User
      </button>
    </div>
    <div
      class="c4"
    >
      <nav
        class="c5"
      >
        <div
          class="c6"
        >
          <div
            class="c7"
          >
            <input
              class="c8"
              placeholder="SEARCH..."
              value=""
            />
            <div
              class="c9"
            >
              <div
                class="c10"
              />
            </div>
          </div>
        </div>
        <div
          class="c11"
          width="100%"
        >
          <div
            class="c12"
          >
            <div
              class="c13"
              color="text.main"
              style="white-space: nowrap; text-transform: uppercase;"
            >
              Showing 
              <strong>
                1
              </strong>
               - 
              <strong>
                6
              </strong>
               of
               
              <strong>
                6
              </strong>
            </div>
          </div>
          <div
            class="c14"
          >
            <button
              class="c15 c16"
              disabled=""
              title="Previous page"
            >
              <span
                class="c17 c18 icon icon-arrow-left-circle "
                font-size="3"
              />
            </button>
            <button
              class="c19 c16"
              disabled=""
              title="Next page"
            >
              <span
                class="c17 c18 icon icon-arrow-right-circle "
                font-size="3"
              />
            </button>
          </div>
        </div>
      </nav>
      <table
        class="c20"
      >
        <thead>
          <tr>
            <th>
              <a>
                Name
                <span
                  class="c17 c21 icon icon-chevron-up "
                  title="sort items asc"
                />
              </a>
            </th>
            <th>
              <a>
                Roles
                <span
                  class="c17 c21 icon icon-chevrons-expand-vertical "
                  title="sort items"
                />
              </a>
            </th>
            <th>
              <a>
                Type
                <span
                  class="c17 c21 icon icon-chevrons-expand-vertical "
                  title="sort items"
                />
              </a>
            </th>
            <th
              style="cursor: default;"
            />
          </tr>
        </thead>
        <tbody>
          <tr>
            <td>
              azesotil@jevig.org
            </td>
            <td>
              <div
                class="c22"
              >
                <div
                  class="c23"
                  kind="secondary"
                >
                  tugu
                </div>
              </div>
            </td>
            <td
              style="text-transform: capitalize;"
            >
              teleport local user
            </td>
            <td
              align="right"
            >
              <button
                class="c24"
                height="24px"
                kind="border"
              >
                OPTIONS
                <span
                  class="c17 c25 icon icon-caret-down "
                  color="text.slightlyMuted"
                  font-size="2"
                />
              </button>
            </td>
          </tr>
          <tr>
            <td>
              cikar@egaposci.me
            </td>
            <td>
              <div
                class="c22"
              >
                <div
                  class="c23"
                  kind="secondary"
                >
                  admin
                </div>
              </div>
            </td>
            <td
              style="text-transform: capitalize;"
            >
              teleport local user
            </td>
            <td
              align="right"
            >
              <button
                class="c24"
                height="24px"
                kind="border"
              >
                OPTIONS
                <span
                  class="c17 c25 icon icon-caret-down "
                  color="text.slightlyMuted"
                  font-size="2"
                />
              </button>
            </td>
          </tr>
          <tr>
            <td>
              hi@nen.pa
            </td>
            <td>
              <div
                class="c22"
              >
                <div
                  class="c23"
                  kind="secondary"
                >
                  ruhh
                </div>
                <div
                  class="c23"
                  kind="secondary"
                >
                  admin
                </div>
              </div>
            </td>
            <td
              style="text-transform: capitalize;"
            >
              teleport local user
            </td>
            <td
              align="right"
            >
              <button
                class="c24"
                height="24px"
                kind="border"
              >
                OPTIONS
                <span
                  class="c17 c25 icon icon-caret-down "
                  color="text.slightlyMuted"
                  font-size="2"
                />
              </button>
            </td>
          </tr>
          <tr>
            <td>
              jap@kosusfaw.mp
            </td>
            <td>
              <div
                class="c22"
              >
                <div
                  class="c23"
                  kind="secondary"
                >
                  ubip
                </div>
                <div
                  class="c23"
                  kind="secondary"
                >
                  duzjadj
                </div>
                <div
                  class="c23"
                  kind="secondary"
                >
                  dupiwuzocafe
                </div>
                <div
                  class="c23"
                  kind="secondary"
                >
                  abc
                </div>
                <div
                  class="c23"
                  kind="secondary"
                >
                  anavebikilonim
                </div>
              </div>
            </td>
            <td
              style="text-transform: capitalize;"
            >
              OIDC
            </td>
            <td
              align="right"
            />
          </tr>
          <tr>
            <td>
              pamkad@ukgir.ki
            </td>
            <td>
              <div
                class="c22"
              >
                <div
                  class="c23"
                  kind="secondary"
                >
                  vuit
                </div>
                <div
                  class="c23"
                  kind="secondary"
                >
                  vedkonm
                </div>
                <div
                  class="c23"
                  kind="secondary"
                >
                  valvapel
                </div>
              </div>
            </td>
            <td
              style="text-transform: capitalize;"
            >
              SAML
            </td>
            <td
              align="right"
            />
          </tr>
          <tr>
            <td>
              ziat@uthatebo.sl
            </td>
            <td>
              <div
                class="c22"
              >
                <div
                  class="c23"
                  kind="secondary"
                >
                  kaco
                </div>
                <div
                  class="c23"
                  kind="secondary"
                >
                  ziuzzow
                </div>
                <div
                  class="c23"
                  kind="secondary"
                >
                  admin
                </div>
              </div>
            </td>
            <td
              style="text-transform: capitalize;"
            >
              GitHub
            </td>
            <td
              align="right"
            />
          </tr>
        </tbody>
      </table>
    </div>
  </div>
</div>
`;
