[Unit]
Description=Teleport Service
After=network.target

[Service]
Type=simple
Restart=on-failure
RestartSec=5
EnvironmentFile=-/custom/env/dir/teleport
ExecStart=/custom/install/dir/teleport start --config /etc/teleport.yaml --pid-file=/custom/pid/dir/teleport.pid
ExecReload=/bin/kill -HUP $MAINPID
PIDFile=/custom/pid/dir/teleport.pid
LimitNOFILE=16384

[Install]
WantedBy=multi-user.target