type: ssh-proxy
destination:
  type: directory
  path: /opt/machine-id
