sets AWS annotations when chartMode=aws:
  1: |
    apiVersion: v1
    kind: Service
    metadata:
      annotations:
        service.beta.kubernetes.io/aws-load-balancer-backend-protocol: tcp
        service.beta.kubernetes.io/aws-load-balancer-cross-zone-load-balancing-enabled: "true"
        service.beta.kubernetes.io/aws-load-balancer-type: nlb
      labels:
        app: RELEASE-NAME
      name: RELEASE-NAME
      namespace: NAMESPACE
    spec:
      ports:
      - name: https
        port: 443
        protocol: TCP
        targetPort: 3080
      - name: sshproxy
        port: 3023
        protocol: TCP
        targetPort: 3023
      - name: k8s
        port: 3026
        protocol: TCP
        targetPort: 3026
      - name: sshtun
        port: 3024
        protocol: TCP
        targetPort: 3024
      - name: mysql
        port: 3036
        protocol: TCP
        targetPort: 3036
      selector:
        app: RELEASE-NAME
      type: LoadBalancer
sets service annotations when specified:
  1: |
    apiVersion: v1
    kind: Service
    metadata:
      annotations:
        kubernetes.io/service: test-annotation
        kubernetes.io/service-different: 5
      labels:
        app: RELEASE-NAME
      name: RELEASE-NAME
      namespace: NAMESPACE
    spec:
      ports:
      - name: https
        port: 443
        protocol: TCP
        targetPort: 3080
      - name: sshproxy
        port: 3023
        protocol: TCP
        targetPort: 3023
      - name: k8s
        port: 3026
        protocol: TCP
        targetPort: 3026
      - name: sshtun
        port: 3024
        protocol: TCP
        targetPort: 3024
      - name: mysql
        port: 3036
        protocol: TCP
        targetPort: 3036
      selector:
        app: RELEASE-NAME
      type: LoadBalancer
uses a ClusterIP when service.type=ClusterIP:
  1: |
    apiVersion: v1
    kind: Service
    metadata:
      labels:
        app: RELEASE-NAME
      name: RELEASE-NAME
      namespace: NAMESPACE
    spec:
      ports:
      - name: https
        port: 443
        protocol: TCP
        targetPort: 3080
      - name: sshproxy
        port: 3023
        protocol: TCP
        targetPort: 3023
      - name: k8s
        port: 3026
        protocol: TCP
        targetPort: 3026
      - name: sshtun
        port: 3024
        protocol: TCP
        targetPort: 3024
      - name: mysql
        port: 3036
        protocol: TCP
        targetPort: 3036
      selector:
        app: RELEASE-NAME
      type: ClusterIP
uses a LoadBalancer by default:
  1: |
    apiVersion: v1
    kind: Service
    metadata:
      labels:
        app: RELEASE-NAME
      name: RELEASE-NAME
      namespace: NAMESPACE
    spec:
      ports:
      - name: https
        port: 443
        protocol: TCP
        targetPort: 3080
      - name: sshproxy
        port: 3023
        protocol: TCP
        targetPort: 3023
      - name: k8s
        port: 3026
        protocol: TCP
        targetPort: 3026
      - name: sshtun
        port: 3024
        protocol: TCP
        targetPort: 3024
      - name: mysql
        port: 3036
        protocol: TCP
        targetPort: 3036
      selector:
        app: RELEASE-NAME
      type: LoadBalancer
