should set nodeSelector in post-delete hook:
  1: |
    containers:
    - args:
      - kube-state
      - delete
      command:
      - teleport
      env:
      - name: KUBE_NAMESPACE
        valueFrom:
          fieldRef:
            fieldPath: metadata.namespace
      - name: RELEASE_NAME
        value: RELEASE-NAME
      image: 'public.ecr.aws/gravitational/teleport:'
      imagePullPolicy: IfNotPresent
      name: post-delete-job
      securityContext:
        allowPrivilegeEscalation: false
        capabilities:
          drop:
          - all
        readOnlyRootFilesystem: true
        runAsNonRoot: true
        runAsUser: 9807
    nodeSelector:
      gravitational.io/k8s-role: node
    restartPolicy: OnFailure
    serviceAccountName: RELEASE-NAME-delete-hook
should set securityContext in post-delete hook:
  1: |
    containers:
    - args:
      - kube-state
      - delete
      command:
      - teleport
      env:
      - name: KUBE_NAMESPACE
        valueFrom:
          fieldRef:
            fieldPath: metadata.namespace
      - name: RELEASE_NAME
        value: RELEASE-NAME
      image: 'public.ecr.aws/gravitational/teleport:'
      imagePullPolicy: IfNotPresent
      name: post-delete-job
      securityContext:
        allowPrivilegeEscalation: false
        capabilities:
          drop:
          - all
        readOnlyRootFilesystem: true
        runAsNonRoot: true
        runAsUser: 9807
    restartPolicy: OnFailure
    serviceAccountName: RELEASE-NAME-delete-hook
