// Jest Snapshot v1, https://goo.gl/fbAQLP

exports[`locked 1`] = `
.c3 {
  box-sizing: border-box;
}

.c10 {
  box-sizing: border-box;
  width: 100%;
  text-align: left;
}

.c19 {
  box-sizing: border-box;
  margin-top: 24px;
  width: 100%;
}

.c21 {
  box-sizing: border-box;
  width: 100%;
}

.c4 {
  line-height: 1.5;
  margin: 0;
  display: inline-flex;
  justify-content: center;
  align-items: center;
  box-sizing: border-box;
  border: none;
  border-radius: 4px;
  cursor: pointer;
  font-family: inherit;
  font-weight: 600;
  outline: none;
  position: relative;
  text-align: center;
  text-decoration: none;
  text-transform: uppercase;
  transition: all 0.3s;
  -webkit-font-smoothing: antialiased;
  color: #000000;
  background: #9F85FF;
  min-height: 32px;
  font-size: 12px;
  padding: 0px 24px;
  padding-top: 12px;
  padding-bottom: 12px;
  width: 100%;
  height: 36px;
}

.c4:hover,
.c4:focus {
  background: #B29DFF;
}

.c4:active {
  background: #C5B6FF;
}

.c4:disabled {
  background: rgba(255,255,255,0.12);
  color: rgba(255,255,255,0.3);
  cursor: auto;
}

.c6 {
  display: inline-block;
  transition: color 0.3s;
  color: #FFFFFF;
}

.c9 {
  box-sizing: border-box;
  margin: auto;
  padding: 24px;
  padding-bottom: 44px;
  width: auto;
  flex: 0 0 auto;
  box-shadow: 0px 3px 5px -1px rgba(0,0,0,0.2),0px 6px 10px rgba(0,0,0,0.14),0px 1px 18px rgba(0,0,0,0.12);
  border-radius: 8px;
  background-color: #222C59;
}

.c11 {
  overflow: hidden;
  text-overflow: ellipsis;
  font-weight: 600;
  font-size: 18px;
  line-height: 32px;
  margin: 0px;
}

.c12 {
  overflow: hidden;
  text-overflow: ellipsis;
  font-weight: 400;
  font-size: 14px;
  line-height: 24px;
  margin: 0px;
  margin-bottom: 32px;
}

.c20 {
  overflow: hidden;
  text-overflow: ellipsis;
  font-weight: 600;
  font-size: 16px;
  margin: 0px;
}

.c22 {
  overflow: hidden;
  text-overflow: ellipsis;
  margin: 0px;
  margin-top: 4px;
}

.c13 {
  color: #009EFF;
  font-weight: normal;
  background: none;
  text-decoration: underline;
  text-transform: none;
  color: text.secondary;
}

.c17 {
  display: block;
  outline: none;
}

.c5 {
  box-sizing: border-box;
  display: flex;
  align-items: center;
}

.c8 {
  box-sizing: border-box;
  margin: auto;
  padding: 24px;
  padding-bottom: 44px;
  width: auto;
  flex: 0 0 auto;
  display: flex;
  flex-direction: column;
}

.c14 {
  box-sizing: border-box;
  display: flex;
  justify-content: center;
  flex-wrap: wrap;
  gap: 24px;
}

.c1 {
  box-sizing: border-box;
  margin-bottom: 24px;
  display: flex;
  align-items: center;
  justify-content: space-between;
  flex-shrink: 0;
  border-bottom: 1px solid rgba(255,255,255,0.07);
  height: 56px;
  margin-left: -40px;
  margin-right: -40px;
  padding-left: 40px;
  padding-right: 40px;
}

.c2 {
  overflow: hidden;
  text-overflow: ellipsis;
  font-weight: 300;
  font-size: 22px;
  line-height: 32px;
  margin: 0px;
  white-space: nowrap;
}

.c0 {
  box-sizing: border-box;
  padding-left: 40px;
  padding-right: 40px;
  display: flex;
  width: 100%;
  height: 100%;
  flex-direction: column;
}

.c0::after {
  content: ' ';
  padding-bottom: 24px;
}

.c7 {
  color: inherit;
  font-weight: 500;
  font-size: 15px;
  margin-right: 10px;
}

.c15 {
  box-sizing: border-box;
  text-align: left;
  display: flex;
  background-color: rgba(255,255,255,0.07);
  padding: 24px;
  width: 340px;
  height: 420px;
  border-radius: 8px;
  flex-direction: column;
  align-items: center;
}

.c16 {
  box-sizing: border-box;
  display: flex;
  width: 293px;
  align-items: center;
  height: 240px;
  border-radius: 8px;
  background-color: rgba(255,255,255,0.13);
}

.c23 {
  box-sizing: border-box;
  position: absolute;
  bottom: 0;
  left: 50%;
  min-width: 600px;
  transform: translate(-50%,50%);
}

.c18 {
  display: block;
}

@media screen and (max-width:800px) {
  .c23 {
    min-width: 100%;
  }
}

<div
  class="c0"
>
  <div
    class="c1"
  >
    <div
      class="c2"
    >
      Just In Time Access Requests
    </div>
    <div
      class="c3"
    >
      <a
        class="c4"
        height="36px"
        href="https://goteleport.com/r/upgrade-community?4.4.0-dev&utm_campaign=CTA_ACCESS_REQUESTS"
        kind="primary"
        style="text-transform: none;"
        target="blank"
        width="100%"
      >
        <div
          class="c5"
        >
          <span
            class="c6 icon icon-unlock c7"
            data-testid="locked-icon"
          />
          Unlock Access Requests With Teleport Enterprise
        </div>
      </a>
    </div>
  </div>
  <div
    class="c8 sc-AxirZ c9"
    width="auto"
  >
    <div
      class="c10"
      width="100%"
    >
      <div
        class="c11"
      >
        Access Requests Flow
      </div>
      <div
        class="c12"
      >
        To learn more about access requests, take a look atÂ 
        <a
          class="c13"
          color="text.secondary"
          href="https://goteleport.com/features/access-requests/"
          rel="noreferrer"
          target="_blank"
        >
          Teleport Documentation.
        </a>
      </div>
    </div>
    <div
      class="c14"
      style="position: relative;"
    >
      <div
        class="c15"
      >
        <div
          class="c16"
        >
          <img
            class="c17 c18"
            src="file_stub"
          />
        </div>
        <div
          class="c19"
          width="100%"
        >
          <div
            class="c20"
            font-size="3"
          >
            Step 
            1
          </div>
        </div>
        <div
          class="c21"
          width="100%"
        >
          <div
            class="c22"
          >
            Bob can select the resources he needs to access or request the role
            <span
              style="font-weight: bold;"
            >
               dbadmin 
            </span>
            in the Web UI or CLI
          </div>
        </div>
      </div>
      <div
        class="c15"
      >
        <div
          class="c16"
        >
          <img
            class="c17 c18"
            src="file_stub"
          />
        </div>
        <div
          class="c19"
          width="100%"
        >
          <div
            class="c20"
            font-size="3"
          >
            Step 
            2
          </div>
        </div>
        <div
          class="c21"
          width="100%"
        >
          <div
            class="c22"
          >
            Chatbot will notify both Alice and Ivan
          </div>
        </div>
      </div>
      <div
        class="c15"
      >
        <div
          class="c16"
        >
          <img
            class="c17 c18"
            src="file_stub"
          />
        </div>
        <div
          class="c19"
          width="100%"
        >
          <div
            class="c20"
            font-size="3"
          >
            Step 
            3
          </div>
        </div>
        <div
          class="c21"
          width="100%"
        >
          <div
            class="c22"
          >
            Alice and Ivan can review and approve request using Web UI or CLI
          </div>
        </div>
      </div>
      <div
        class="c23"
      >
        <a
          class="c4"
          height="36px"
          href="https://goteleport.com/r/upgrade-community?4.4.0-dev&utm_campaign=CTA_ACCESS_REQUESTS"
          kind="primary"
          style="text-transform: none;"
          target="blank"
          width="100%"
        >
          <div
            class="c5"
          >
            <span
              class="c6 icon icon-unlock c7"
              data-testid="locked-icon"
            />
            Unlock Access Requests With Teleport Enterprise
          </div>
        </a>
      </div>
    </div>
  </div>
</div>
`;
