// Jest Snapshot v1, https://goo.gl/fbAQLP

exports[`render clusters 1`] = `
.c23 {
  line-height: 1.5;
  margin: 0;
  display: inline-flex;
  justify-content: center;
  align-items: center;
  box-sizing: border-box;
  border: none;
  border-radius: 4px;
  cursor: pointer;
  font-family: inherit;
  font-weight: 600;
  outline: none;
  position: relative;
  text-align: center;
  text-decoration: none;
  text-transform: uppercase;
  transition: all 0.3s;
  -webkit-font-smoothing: antialiased;
  color: #FFFFFF;
  background: rgba(255,255,255,0);
  border: 1px solid rgba(255,255,255,0.36);
  font-size: 10px;
  min-height: 24px;
  padding: 0px 16px;
  height: 24px;
}

.c23:hover,
.c23:focus {
  background: rgba(255,255,255,0.07);
}

.c23:active {
  background: rgba(255,255,255,0.13);
}

.c23:disabled {
  background: rgba(255,255,255,0.12);
  color: rgba(255,255,255,0.3);
  cursor: auto;
}

.c17 {
  display: inline-block;
  transition: color 0.3s;
  color: #FFFFFF;
  font-size: 16px;
}

.c21 {
  display: inline-block;
  transition: color 0.3s;
  color: #FFFFFF;
}

.c24 {
  display: inline-block;
  transition: color 0.3s;
  color: #FFFFFF;
  margin-left: 8px;
  margin-right: -8px;
  color: rgba(255,255,255,0.72);
  font-size: 14px;
}

.c14 {
  align-items: center;
  border: none;
  cursor: pointer;
  display: flex;
  outline: none;
  border-radius: 50%;
  overflow: visible;
  justify-content: center;
  text-align: center;
  flex: 0 0 auto;
  background: transparent;
  color: inherit;
  transition: all 0.3s;
  -webkit-font-smoothing: antialiased;
  font-size: 16px;
  height: 32px;
  width: 32px;
  margin-left: 0px;
  margin-right: 0px;
}

.c14 .c16 {
  color: inherit;
}

.c14:disabled {
  color: rgba(255,255,255,0.36);
}

.c14:disabled {
  color: rgba(255,255,255,0.36);
  cursor: default;
}

.c14:hover:enabled,
.c14:focus:enabled {
  background: rgba(255,255,255,0.13);
}

.c14:active:enabled {
  background: rgba(255,255,255,0.18);
}

.c18 {
  align-items: center;
  border: none;
  cursor: pointer;
  display: flex;
  outline: none;
  border-radius: 50%;
  overflow: visible;
  justify-content: center;
  text-align: center;
  flex: 0 0 auto;
  background: transparent;
  color: inherit;
  transition: all 0.3s;
  -webkit-font-smoothing: antialiased;
  font-size: 16px;
  height: 32px;
  width: 32px;
  margin-left: 0px;
}

.c18 .c16 {
  color: inherit;
}

.c18:disabled {
  color: rgba(255,255,255,0.36);
}

.c18:disabled {
  color: rgba(255,255,255,0.36);
  cursor: default;
}

.c18:hover:enabled,
.c18:focus:enabled {
  background: rgba(255,255,255,0.13);
}

.c18:active:enabled {
  background: rgba(255,255,255,0.18);
}

.c12 {
  overflow: hidden;
  text-overflow: ellipsis;
  font-weight: 400;
  font-size: 12px;
  line-height: 16px;
  margin: 0px;
  margin-right: 4px;
  color: #FFFFFF;
}

.c22 {
  box-sizing: border-box;
  border-radius: 10px;
  display: inline-block;
  font-size: 10px;
  font-weight: 500;
  padding: 0 8px;
  margin: 1px 0;
  vertical-align: middle;
  background-color: #9F85FF;
  color: #000000;
}

.c10 {
  box-sizing: border-box;
  width: 100%;
  display: flex;
  justify-content: flex-end;
}

.c11 {
  box-sizing: border-box;
  margin-right: 8px;
  display: flex;
  align-items: center;
}

.c13 {
  box-sizing: border-box;
  display: flex;
}

.c1 {
  box-sizing: border-box;
  margin-bottom: 24px;
  display: flex;
  align-items: center;
  flex-shrink: 0;
  border-bottom: 1px solid rgba(255,255,255,0.07);
  height: 56px;
  margin-left: -40px;
  margin-right: -40px;
  padding-left: 40px;
  padding-right: 40px;
}

.c2 {
  overflow: hidden;
  text-overflow: ellipsis;
  font-weight: 300;
  font-size: 22px;
  line-height: 32px;
  margin: 0px;
  white-space: nowrap;
}

.c0 {
  box-sizing: border-box;
  padding-left: 40px;
  padding-right: 40px;
  display: flex;
  width: 100%;
  height: 100%;
  flex-direction: column;
}

.c0::after {
  content: ' ';
  padding-bottom: 24px;
}

.c19 {
  background: #222C59;
  border-collapse: collapse;
  border-spacing: 0;
  border-style: hidden;
  font-size: 12px;
  width: 100%;
  border-top-left-radius: 0px;
  border-top-right-radius: 0px;
  border-bottom-right-radius: 8px;
  border-bottom-left-radius: 8px;
}

.c19 > thead > tr > th,
.c19 > tbody > tr > th,
.c19 > tfoot > tr > th,
.c19 > thead > tr > td,
.c19 > tbody > tr > td,
.c19 > tfoot > tr > td {
  padding: 8px 8px;
  vertical-align: middle;
}

.c19 > thead > tr > th:first-child,
.c19 > tbody > tr > th:first-child,
.c19 > tfoot > tr > th:first-child,
.c19 > thead > tr > td:first-child,
.c19 > tbody > tr > td:first-child,
.c19 > tfoot > tr > td:first-child {
  padding-left: 24px;
}

.c19 > thead > tr > th:last-child,
.c19 > tbody > tr > th:last-child,
.c19 > tfoot > tr > th:last-child,
.c19 > thead > tr > td:last-child,
.c19 > tbody > tr > td:last-child,
.c19 > tfoot > tr > td:last-child {
  padding-right: 24px;
}

.c19 > tbody > tr > td {
  vertical-align: middle;
}

.c19 > thead > tr > th {
  background: rgba(255,255,255,0.07);
  color: #FFFFFF;
  cursor: pointer;
  font-size: 10px;
  font-weight: 400;
  padding-bottom: 0;
  padding-top: 0;
  text-align: left;
  opacity: 0.75;
  text-transform: uppercase;
  white-space: nowrap;
}

.c19 > thead > tr > th .c16 {
  font-weight: bold;
  font-size: 8px;
  margin-left: 8px;
}

.c19 > tbody > tr > td {
  color: #FFFFFF;
  line-height: 16px;
}

.c19 tbody tr {
  border-bottom: 1px solid rgb(49,58,100);
}

.c19 tbody tr:hover {
  background-color: rgba(255,255,255,0.07);
}

.c4 {
  padding: 16px 24px;
  display: flex;
  height: 24px;
  flex-shrink: 0;
  align-items: center;
  justify-content: space-between;
  background: #222C59;
}

.c3 {
  box-shadow: 0px 2px 1px -1px rgba(0,0,0,0.2),0px 1px 1px rgba(0,0,0,0.14),0px 1px 3px rgba(0,0,0,0.12);
  overflow: hidden;
  border-radius: 8px;
}

.c15 .c16 {
  font-size: 20px;
}

.c15 .c16:before {
  padding-left: 1px;
}

.c9 {
  position: relative;
  height: 100%;
  right: 0;
  display: flex;
  align-items: center;
  justify-content: center;
  background: rgba(255,255,255,0.07);
  border-radius: 200px;
}

.c8 {
  position: absolute;
  height: 100%;
  right: 0;
  display: flex;
  align-items: center;
  justify-content: center;
  background: #222C59;
  border-radius: 200px;
}

.c6 {
  position: relative;
  display: flex;
  overflow: hidden;
  width: 100%;
  border-radius: 200px;
  height: 32px;
  background: transparent;
}

.c5 {
  background: #0C143D;
  border-radius: 200px;
  width: 100%;
  height: 32px;
}

.c7 {
  border: none;
  outline: none;
  box-sizing: border-box;
  height: 100%;
  font-size: 12px;
  width: 100%;
  transition: all 0.2s;
  padding-left: 16px;
  padding-right: 16px;
  color: #FFFFFF;
  background: #0C143D;
  padding-right: 184px;
}

.c7:hover,
.c7:focus,
.c7:active {
  color: #FFFFFF;
  background: rgba(255,255,255,0.07);
}

.c7::placeholder {
  color: rgba(255,255,255,0.54);
  font-size: 12px;
}

.c20 td {
  height: 22px;
}

<div
  class="c0"
>
  <div
    class="c1"
  >
    <div
      class="c2"
    >
      Manage Clusters
    </div>
  </div>
  <div
    class="c3"
  >
    <nav
      class="c4"
    >
      <div
        class="c5"
      >
        <div
          class="c6"
        >
          <input
            class="c7"
            placeholder="SEARCH..."
            value=""
          />
          <div
            class="c8"
          >
            <div
              class="c9"
            />
          </div>
        </div>
      </div>
      <div
        class="c10"
        width="100%"
      >
        <div
          class="c11"
        >
          <div
            class="c12"
            color="text.main"
            style="white-space: nowrap; text-transform: uppercase;"
          >
            Showing 
            <strong>
              1
            </strong>
             - 
            <strong>
              37
            </strong>
             of
             
            <strong>
              37
            </strong>
          </div>
        </div>
        <div
          class="c13"
        >
          <button
            class="c14 c15"
            disabled=""
            title="Previous page"
          >
            <span
              class="c16 c17 icon icon-arrow-left-circle "
              font-size="3"
            />
          </button>
          <button
            class="c18 c15"
            disabled=""
            title="Next page"
          >
            <span
              class="c16 c17 icon icon-arrow-right-circle "
              font-size="3"
            />
          </button>
        </div>
      </div>
    </nav>
    <table
      class="c19 c20"
    >
      <thead>
        <tr>
          <th
            style="cursor: default;"
          />
          <th>
            <a>
              Name
              <span
                class="c16 c21 icon icon-chevron-up "
                title="sort items asc"
              />
            </a>
          </th>
          <th
            style="cursor: default;"
          />
        </tr>
      </thead>
      <tbody>
        <tr>
          <td
            style="width: 40px;"
          >
            <div
              class="c22"
              kind="primary"
            >
              ROOT
            </div>
          </td>
          <td>
            localhost
          </td>
          <td
            align="right"
          >
            <button
              class="c23"
              height="24px"
              kind="border"
            >
              OPTIONS
              <span
                class="c16 c24 icon icon-caret-down "
                color="text.slightlyMuted"
                font-size="2"
              />
            </button>
          </td>
        </tr>
        <tr>
          <td
            style="width: 40px;"
          />
          <td>
            albertowens200
          </td>
          <td
            align="right"
          >
            <button
              class="c23"
              height="24px"
              kind="border"
            >
              OPTIONS
              <span
                class="c16 c24 icon icon-caret-down "
                color="text.slightlyMuted"
                font-size="2"
              />
            </button>
          </td>
        </tr>
        <tr>
          <td
            style="width: 40px;"
          />
          <td>
            barrynelson110
          </td>
          <td
            align="right"
          >
            <button
              class="c23"
              height="24px"
              kind="border"
            >
              OPTIONS
              <span
                class="c16 c24 icon icon-caret-down "
                color="text.slightlyMuted"
                font-size="2"
              />
            </button>
          </td>
        </tr>
        <tr>
          <td
            style="width: 40px;"
          />
          <td>
            beatricecarson171
          </td>
          <td
            align="right"
          >
            <button
              class="c23"
              height="24px"
              kind="border"
            >
              OPTIONS
              <span
                class="c16 c24 icon icon-caret-down "
                color="text.slightlyMuted"
                font-size="2"
              />
            </button>
          </td>
        </tr>
        <tr>
          <td
            style="width: 40px;"
          />
          <td>
            besscarroll152
          </td>
          <td
            align="right"
          >
            <button
              class="c23"
              height="24px"
              kind="border"
            >
              OPTIONS
              <span
                class="c16 c24 icon icon-caret-down "
                color="text.slightlyMuted"
                font-size="2"
              />
            </button>
          </td>
        </tr>
        <tr>
          <td
            style="width: 40px;"
          />
          <td>
            bessiecohen207
          </td>
          <td
            align="right"
          >
            <button
              class="c23"
              height="24px"
              kind="border"
            >
              OPTIONS
              <span
                class="c16 c24 icon icon-caret-down "
                color="text.slightlyMuted"
                font-size="2"
              />
            </button>
          </td>
        </tr>
        <tr>
          <td
            style="width: 40px;"
          />
          <td>
            connorsharp137
          </td>
          <td
            align="right"
          >
            <button
              class="c23"
              height="24px"
              kind="border"
            >
              OPTIONS
              <span
                class="c16 c24 icon icon-caret-down "
                color="text.slightlyMuted"
                font-size="2"
              />
            </button>
          </td>
        </tr>
        <tr>
          <td
            style="width: 40px;"
          />
          <td>
            dashawic
          </td>
          <td
            align="right"
          >
            <button
              class="c23"
              height="24px"
              kind="border"
            >
              OPTIONS
              <span
                class="c16 c24 icon icon-caret-down "
                color="text.slightlyMuted"
                font-size="2"
              />
            </button>
          </td>
        </tr>
        <tr>
          <td
            style="width: 40px;"
          />
          <td>
            dashawic
          </td>
          <td
            align="right"
          >
            <button
              class="c23"
              height="24px"
              kind="border"
            >
              OPTIONS
              <span
                class="c16 c24 icon icon-caret-down "
                color="text.slightlyMuted"
                font-size="2"
              />
            </button>
          </td>
        </tr>
        <tr>
          <td
            style="width: 40px;"
          />
          <td>
            dashawic
          </td>
          <td
            align="right"
          >
            <button
              class="c23"
              height="24px"
              kind="border"
            >
              OPTIONS
              <span
                class="c16 c24 icon icon-caret-down "
                color="text.slightlyMuted"
                font-size="2"
              />
            </button>
          </td>
        </tr>
        <tr>
          <td
            style="width: 40px;"
          />
          <td>
            farovluv
          </td>
          <td
            align="right"
          >
            <button
              class="c23"
              height="24px"
              kind="border"
            >
              OPTIONS
              <span
                class="c16 c24 icon icon-caret-down "
                color="text.slightlyMuted"
                font-size="2"
              />
            </button>
          </td>
        </tr>
        <tr>
          <td
            style="width: 40px;"
          />
          <td>
            francismoran134
          </td>
          <td
            align="right"
          >
            <button
              class="c23"
              height="24px"
              kind="border"
            >
              OPTIONS
              <span
                class="c16 c24 icon icon-caret-down "
                color="text.slightlyMuted"
                font-size="2"
              />
            </button>
          </td>
        </tr>
        <tr>
          <td
            style="width: 40px;"
          />
          <td>
            hannahsutton232
          </td>
          <td
            align="right"
          >
            <button
              class="c23"
              height="24px"
              kind="border"
            >
              OPTIONS
              <span
                class="c16 c24 icon icon-caret-down "
                color="text.slightlyMuted"
                font-size="2"
              />
            </button>
          </td>
        </tr>
        <tr>
          <td
            style="width: 40px;"
          />
          <td>
            hattiestanley34
          </td>
          <td
            align="right"
          >
            <button
              class="c23"
              height="24px"
              kind="border"
            >
              OPTIONS
              <span
                class="c16 c24 icon icon-caret-down "
                color="text.slightlyMuted"
                font-size="2"
              />
            </button>
          </td>
        </tr>
        <tr>
          <td
            style="width: 40px;"
          />
          <td>
            henriettarios78
          </td>
          <td
            align="right"
          >
            <button
              class="c23"
              height="24px"
              kind="border"
            >
              OPTIONS
              <span
                class="c16 c24 icon icon-caret-down "
                color="text.slightlyMuted"
                font-size="2"
              />
            </button>
          </td>
        </tr>
        <tr>
          <td
            style="width: 40px;"
          />
          <td>
            isabellekim81
          </td>
          <td
            align="right"
          >
            <button
              class="c23"
              height="24px"
              kind="border"
            >
              OPTIONS
              <span
                class="c16 c24 icon icon-caret-down "
                color="text.slightlyMuted"
                font-size="2"
              />
            </button>
          </td>
        </tr>
        <tr>
          <td
            style="width: 40px;"
          />
          <td>
            jaysandoval137
          </td>
          <td
            align="right"
          >
            <button
              class="c23"
              height="24px"
              kind="border"
            >
              OPTIONS
              <span
                class="c16 c24 icon icon-caret-down "
                color="text.slightlyMuted"
                font-size="2"
              />
            </button>
          </td>
        </tr>
        <tr>
          <td
            style="width: 40px;"
          />
          <td>
            jesushenry58
          </td>
          <td
            align="right"
          >
            <button
              class="c23"
              height="24px"
              kind="border"
            >
              OPTIONS
              <span
                class="c16 c24 icon icon-caret-down "
                color="text.slightlyMuted"
                font-size="2"
              />
            </button>
          </td>
        </tr>
        <tr>
          <td
            style="width: 40px;"
          />
          <td>
            jordansimpson35
          </td>
          <td
            align="right"
          >
            <button
              class="c23"
              height="24px"
              kind="border"
            >
              OPTIONS
              <span
                class="c16 c24 icon icon-caret-down "
                color="text.slightlyMuted"
                font-size="2"
              />
            </button>
          </td>
        </tr>
        <tr>
          <td
            style="width: 40px;"
          />
          <td>
            josephinewolfe55
          </td>
          <td
            align="right"
          >
            <button
              class="c23"
              height="24px"
              kind="border"
            >
              OPTIONS
              <span
                class="c16 c24 icon icon-caret-down "
                color="text.slightlyMuted"
                font-size="2"
              />
            </button>
          </td>
        </tr>
        <tr>
          <td
            style="width: 40px;"
          />
          <td>
            leonamann249
          </td>
          <td
            align="right"
          >
            <button
              class="c23"
              height="24px"
              kind="border"
            >
              OPTIONS
              <span
                class="c16 c24 icon icon-caret-down "
                color="text.slightlyMuted"
                font-size="2"
              />
            </button>
          </td>
        </tr>
        <tr>
          <td
            style="width: 40px;"
          />
          <td>
            lidtabih
          </td>
          <td
            align="right"
          >
            <button
              class="c23"
              height="24px"
              kind="border"
            >
              OPTIONS
              <span
                class="c16 c24 icon icon-caret-down "
                color="text.slightlyMuted"
                font-size="2"
              />
            </button>
          </td>
        </tr>
        <tr>
          <td
            style="width: 40px;"
          />
          <td>
            nellwheeler72
          </td>
          <td
            align="right"
          >
            <button
              class="c23"
              height="24px"
              kind="border"
            >
              OPTIONS
              <span
                class="c16 c24 icon icon-caret-down "
                color="text.slightlyMuted"
                font-size="2"
              />
            </button>
          </td>
        </tr>
        <tr>
          <td
            style="width: 40px;"
          />
          <td>
            nidvojik
          </td>
          <td
            align="right"
          >
            <button
              class="c23"
              height="24px"
              kind="border"
            >
              OPTIONS
              <span
                class="c16 c24 icon icon-caret-down "
                color="text.slightlyMuted"
                font-size="2"
              />
            </button>
          </td>
        </tr>
        <tr>
          <td
            style="width: 40px;"
          />
          <td>
            philipjohnson10
          </td>
          <td
            align="right"
          >
            <button
              class="c23"
              height="24px"
              kind="border"
            >
              OPTIONS
              <span
                class="c16 c24 icon icon-caret-down "
                color="text.slightlyMuted"
                font-size="2"
              />
            </button>
          </td>
        </tr>
        <tr>
          <td
            style="width: 40px;"
          />
          <td>
            ricardosingleton242
          </td>
          <td
            align="right"
          >
            <button
              class="c23"
              height="24px"
              kind="border"
            >
              OPTIONS
              <span
                class="c16 c24 icon icon-caret-down "
                color="text.slightlyMuted"
                font-size="2"
              />
            </button>
          </td>
        </tr>
        <tr>
          <td
            style="width: 40px;"
          />
          <td>
            rozpaari
          </td>
          <td
            align="right"
          >
            <button
              class="c23"
              height="24px"
              kind="border"
            >
              OPTIONS
              <span
                class="c16 c24 icon icon-caret-down "
                color="text.slightlyMuted"
                font-size="2"
              />
            </button>
          </td>
        </tr>
        <tr>
          <td
            style="width: 40px;"
          />
          <td>
            rozpaari
          </td>
          <td
            align="right"
          >
            <button
              class="c23"
              height="24px"
              kind="border"
            >
              OPTIONS
              <span
                class="c16 c24 icon icon-caret-down "
                color="text.slightlyMuted"
                font-size="2"
              />
            </button>
          </td>
        </tr>
        <tr>
          <td
            style="width: 40px;"
          />
          <td>
            rozpaari
          </td>
          <td
            align="right"
          >
            <button
              class="c23"
              height="24px"
              kind="border"
            >
              OPTIONS
              <span
                class="c16 c24 icon icon-caret-down "
                color="text.slightlyMuted"
                font-size="2"
              />
            </button>
          </td>
        </tr>
        <tr>
          <td
            style="width: 40px;"
          />
          <td>
            samlewis176
          </td>
          <td
            align="right"
          >
            <button
              class="c23"
              height="24px"
              kind="border"
            >
              OPTIONS
              <span
                class="c16 c24 icon icon-caret-down "
                color="text.slightlyMuted"
                font-size="2"
              />
            </button>
          </td>
        </tr>
        <tr>
          <td
            style="width: 40px;"
          />
          <td>
            teresastone14
          </td>
          <td
            align="right"
          >
            <button
              class="c23"
              height="24px"
              kind="border"
            >
              OPTIONS
              <span
                class="c16 c24 icon icon-caret-down "
                color="text.slightlyMuted"
                font-size="2"
              />
            </button>
          </td>
        </tr>
        <tr>
          <td
            style="width: 40px;"
          />
          <td>
            theodorefrazier78
          </td>
          <td
            align="right"
          >
            <button
              class="c23"
              height="24px"
              kind="border"
            >
              OPTIONS
              <span
                class="c16 c24 icon icon-caret-down "
                color="text.slightlyMuted"
                font-size="2"
              />
            </button>
          </td>
        </tr>
        <tr>
          <td
            style="width: 40px;"
          />
          <td>
            tommybrooks146
          </td>
          <td
            align="right"
          >
            <button
              class="c23"
              height="24px"
              kind="border"
            >
              OPTIONS
              <span
                class="c16 c24 icon icon-caret-down "
                color="text.slightlyMuted"
                font-size="2"
              />
            </button>
          </td>
        </tr>
        <tr>
          <td
            style="width: 40px;"
          />
          <td>
            wetjolune
          </td>
          <td
            align="right"
          >
            <button
              class="c23"
              height="24px"
              kind="border"
            >
              OPTIONS
              <span
                class="c16 c24 icon icon-caret-down "
                color="text.slightlyMuted"
                font-size="2"
              />
            </button>
          </td>
        </tr>
        <tr>
          <td
            style="width: 40px;"
          />
          <td>
            wetjolune
          </td>
          <td
            align="right"
          >
            <button
              class="c23"
              height="24px"
              kind="border"
            >
              OPTIONS
              <span
                class="c16 c24 icon icon-caret-down "
                color="text.slightlyMuted"
                font-size="2"
              />
            </button>
          </td>
        </tr>
        <tr>
          <td
            style="width: 40px;"
          />
          <td>
            wetjolune
          </td>
          <td
            align="right"
          >
            <button
              class="c23"
              height="24px"
              kind="border"
            >
              OPTIONS
              <span
                class="c16 c24 icon icon-caret-down "
                color="text.slightlyMuted"
                font-size="2"
              />
            </button>
          </td>
        </tr>
        <tr>
          <td
            style="width: 40px;"
          />
          <td>
            williepayne223
          </td>
          <td
            align="right"
          >
            <button
              class="c23"
              height="24px"
              kind="border"
            >
              OPTIONS
              <span
                class="c16 c24 icon icon-caret-down "
                color="text.slightlyMuted"
                font-size="2"
              />
            </button>
          </td>
        </tr>
      </tbody>
    </table>
  </div>
</div>
`;
