type: kubernetes
destination:
  type: memory
roles:
  - access
cluster_name: k8s.example.com
