type: kubernetes
destination:
  type: memory
cluster_name: k8s.example.com
