# tbot config file generated by `configure` command
storage:
  directory:
    path: /var/lib/teleport/bot
    symlinks: secure
    acls: try
debug: false
auth_server: ""
certificate_ttl: 1h0m0s
renewal_interval: 20m0s
oneshot: false
fips: false
