type: database
destination:
  type: memory
roles:
  - access
service: my-database-service
database: my-database
username: my-username
