TPM Information
EKPub Hash: aabbaabbcc
EKCert Detected: true
EKCert Serial: aa:bb:cc
