TPM Information
EKPub Hash: aabbaabbcc
EKCert Detected: false
