TPM Information
EKPub Hash: aabbaabbcc
EKCert Detected: false
EKPub:
-----BEGIN PUBLIC KEY-----
ZWtwdWI=
-----END PUBLIC KEY-----
